M3FITRIA30@mefitria30-laptop MINGW64 /d/Download/Self Learning/git-learn-remote/wishlist-remote (main)
$ cd ..

M3FITRIA30@mefitria30-laptop MINGW64 /d/Download/Self Learning/git-learn-remote
$ ls
wishlist-remote/

M3FITRIA30@mefitria30-laptop MINGW64 /d/Download/Self Learning/git-learn-remote
$ mkdir wishlist-remote-2

M3FITRIA30@mefitria30-laptop MINGW64 /d/Download/Self Learning/git-learn-remote
$ ls
wishlist-remote/  wishlist-remote-2/

M3FITRIA30@mefitria30-laptop MINGW64 /d/Download/Self Learning/git-learn-remote
$ cd wishlist-remote-2/

M3FITRIA30@mefitria30-laptop MINGW64 /d/Download/Self Learning/git-learn-remote/wishlist-remote-2
$ git init
Initialized empty Git repository in D:/Download/Self Learning/git-learn-remote/wishlist-remote-2/.git/


M3FITRIA30@mefitria30-laptop MINGW64 /d/Download/Self Learning/git-learn-remote/wishlist-remote-2 (master)
$ code .

M3FITRIA30@mefitria30-laptop MINGW64 /d/Download/Self Learning/git-learn-remote/wishlist-remote-2 (master)
$ ls
index.php

M3FITRIA30@mefitria30-laptop MINGW64 /d/Download/Self Learning/git-learn-remote/wishlist-remote-2 (master)
$ git add .

M3FITRIA30@mefitria30-laptop MINGW64 /d/Download/Self Learning/git-learn-remote/wishlist-remote-2 (master)
$ git commit -m "menambahkan file index.php"
[master (root-commit) 9f78441] menambahkan file index.php
 1 file changed, 11 insertions(+)
 create mode 100644 index.php

M3FITRIA30@mefitria30-laptop MINGW64 /d/Download/Self Learning/git-learn-remote/wishlist-remote-2 (master)
$ git status
On branch master
nothing to commit, working tree clean

M3FITRIA30@mefitria30-laptop MINGW64 /d/Download/Self Learning/git-learn-remote/wishlist-remote-2 (master)
$ git commit -am "menambahkan paragraf"
[master 564f663] menambahkan paragraf
 1 file changed, 1 insertion(+), 1 deletion(-)

M3FITRIA30@mefitria30-laptop MINGW64 /d/Download/Self Learning/git-learn-remote/wishlist-remote-2 (master)
$ git status
On branch master
nothing to commit, working tree clean

M3FITRIA30@mefitria30-laptop MINGW64 /d/Download/Self Learning/git-learn-remote/wishlist-remote-2 (master)
$ graph
* 564f663 (HEAD -> master) menambahkan paragraf
* 9f78441 menambahkan file index.php


M3FITRIA30@mefitria30-laptop MINGW64 /d/Download/Self Learning/git-learn-remote/wishlist-remote-2 (master)
$ git remote add origin https://github.com/mefitria30/wishlist-remote-2.git

M3FITRIA30@mefitria30-laptop MINGW64 /d/Download/Self Learning/git-learn-remote/wishlist-remote-2 (master)
$ git remote
origin

M3FITRIA30@mefitria30-laptop MINGW64 /d/Download/Self Learning/git-learn-remote/wishlist-remote-2 (master)
$ git remote -v
origin  https://github.com/mefitria30/wishlist-remote-2.git (fetch)
origin  https://github.com/mefitria30/wishlist-remote-2.git (push)

M3FITRIA30@mefitria30-laptop MINGW64 /d/Download/Self Learning/git-learn-remote/wishlist-remote-2 (master)
$ git push -u origin main
error: src refspec main does not match any
error: failed to push some refs to 'https://github.com/mefitria30/wishlist-remote-2.git'

M3FITRIA30@mefitria30-laptop MINGW64 /d/Download/Self Learning/git-learn-remote/wishlist-remote-2 (master)
$ git push -u origin master
Enumerating objects: 6, done.
Counting objects: 100% (6/6), done.
Delta compression using up to 12 threads
Compressing objects: 100% (4/4), done.
Writing objects: 100% (6/6), 762 bytes | 381.00 KiB/s, done.
Total 6 (delta 1), reused 0 (delta 0), pack-reused 0
remote: Resolving deltas: 100% (1/1), done.
To https://github.com/mefitria30/wishlist-remote-2.git
 * [new branch]      master -> master
branch 'master' set up to track 'origin/master'.

M3FITRIA30@mefitria30-laptop MINGW64 /d/Download/Self Learning/git-learn-remote/wishlist-remote-2 (master)
$ git status
On branch master
Your branch is up to date with 'origin/master'.

nothing to commit, working tree clean

M3FITRIA30@mefitria30-laptop MINGW64 /d/Download/Self Learning/git-learn-remote/wishlist-remote-2 (master)
$ git commit -am "menambahkan paragraf baru"
[master 20b9551] menambahkan paragraf baru
 1 file changed, 2 insertions(+)

M3FITRIA30@mefitria30-laptop MINGW64 /d/Download/Self Learning/git-learn-remote/wishlist-remote-2 (master)
$ graph
* 20b9551 (HEAD -> master) menambahkan paragraf baru
* 564f663 (origin/master) menambahkan paragraf
* 9f78441 menambahkan file index.php

M3FITRIA30@mefitria30-laptop MINGW64 /d/Download/Self Learning/git-learn-remote/wishlist-remote-2 (master)
$ git push
Enumerating objects: 5, done.
Counting objects: 100% (5/5), done.
Delta compression using up to 12 threads
Compressing objects: 100% (2/2), done.
Writing objects: 100% (3/3), 331 bytes | 331.00 KiB/s, done.
Total 3 (delta 1), reused 0 (delta 0), pack-reused 0
remote: Resolving deltas: 100% (1/1), completed with 1 local object.
To https://github.com/mefitria30/wishlist-remote-2.git
   564f663..20b9551  master -> master

M3FITRIA30@mefitria30-laptop MINGW64 /d/Download/Self Learning/git-learn-remote/wishlist-remote-2 (master)
$ graph
* 20b9551 (HEAD -> master, origin/master) menambahkan paragraf baru
* 564f663 menambahkan paragraf
* 9f78441 menambahkan file index.php

M3FITRIA30@mefitria30-laptop MINGW64 /d/Download/Self Learning/git-learn-remote/wishlist-remote-2 (master)
$ git status
On branch master
Your branch is up to date with 'origin/master'.

nothing to commit, working tree clean

M3FITRIA30@mefitria30-laptop MINGW64 /d/Download/Self Learning/git-learn-remote/wishlist-remote-2 (master)
$ git add .

M3FITRIA30@mefitria30-laptop MINGW64 /d/Download/Self Learning/git-learn-remote/wishlist-remote-2 (master)
$ git commit -m "menambahkan file css"
[master 3749bd8] menambahkan file css
 1 file changed, 3 insertions(+)
 create mode 100644 style.css

M3FITRIA30@mefitria30-laptop MINGW64 /d/Download/Self Learning/git-learn-remote/wishlist-remote-2 (master)
$ git status
On branch master
Your branch is ahead of 'origin/master' by 1 commit.
  (use "git push" to publish your local commits)

nothing to commit, working tree clean

M3FITRIA30@mefitria30-laptop MINGW64 /d/Download/Self Learning/git-learn-remote/wishlist-remote-2 (master)
$ git push
To https://github.com/mefitria30/wishlist-remote-2.git
 ! [rejected]        master -> master (fetch first)
error: failed to push some refs to 'https://github.com/mefitria30/wishlist-remote-2.git'
hint: Updates were rejected because the remote contains work that you do not
hint: have locally. This is usually caused by another repository pushing to
hint: the same ref. If you want to integrate the remote changes, use
hint: 'git pull' before pushing again.
hint: See the 'Note about fast-forwards' in 'git push --help' for details.

M3FITRIA30@mefitria30-laptop MINGW64 /d/Download/Self Learning/git-learn-remote/wishlist-remote-2 (master)
$ git status
On branch master
Your branch is ahead of 'origin/master' by 1 commit.
  (use "git push" to publish your local commits)

nothing to commit, working tree clean

M3FITRIA30@mefitria30-laptop MINGW64 /d/Download/Self Learning/git-learn-remote/wishlist-remote-2 (master)
$ git fetch
remote: Enumerating objects: 4, done.
remote: Counting objects: 100% (4/4), done.
remote: Compressing objects: 100% (2/2), done.
remote: Total 3 (delta 0), reused 0 (delta 0), pack-reused 0
Unpacking objects: 100% (3/3), 695 bytes | 69.00 KiB/s, done.
From https://github.com/mefitria30/wishlist-remote-2
   20b9551..feec313  master     -> origin/master

M3FITRIA30@mefitria30-laptop MINGW64 /d/Download/Self Learning/git-learn-remote/wishlist-remote-2 (master)
$ git status
On branch master
Your branch and 'origin/master' have diverged,
and have 1 and 1 different commits each, respectively.
  (use "git pull" if you want to integrate the remote branch with yours)

nothing to commit, working tree clean

M3FITRIA30@mefitria30-laptop MINGW64 /d/Download/Self Learning/git-learn-remote/wishlist-remote-2 (master)
$ graph
* 3749bd8 (HEAD -> master) menambahkan file css
| * feec313 (origin/master) Create style.css
|/
* 20b9551 menambahkan paragraf baru
* 564f663 menambahkan paragraf
* 9f78441 menambahkan file index.php


M3FITRIA30@mefitria30-laptop MINGW64 /d/Download/Self Learning/git-learn-remote/wishlist-remote-2 (master|MERGING)
$ git status
On branch master
Your branch and 'origin/master' have diverged,
and have 1 and 1 different commits each, respectively.
  (use "git pull" if you want to integrate the remote branch with yours)

You have unmerged paths.
  (fix conflicts and run "git commit")
  (use "git merge --abort" to abort the merge)

Unmerged paths:
  (use "git add <file>..." to mark resolution)
        both added:      style.css

no changes added to commit (use "git add" and/or "git commit -a")

M3FITRIA30@mefitria30-laptop MINGW64 /d/Download/Self Learning/git-learn-remote/wishlist-remote-2 (master|MERGING)
$ git add .

M3FITRIA30@mefitria30-laptop MINGW64 /d/Download/Self Learning/git-learn-remote/wishlist-remote-2 (master|MERGING)
$ git commit -m "menambahkan file css"
[master 650670d] menambahkan file css

M3FITRIA30@mefitria30-laptop MINGW64 /d/Download/Self Learning/git-learn-remote/wishlist-remote-2 (master)
$ git status
On branch master
Your branch is ahead of 'origin/master' by 2 commits.
  (use "git push" to publish your local commits)

nothing to commit, working tree clean

M3FITRIA30@mefitria30-laptop MINGW64 /d/Download/Self Learning/git-learn-remote/wishlist-remote-2 (master)
$ git push
Enumerating objects: 7, done.
Counting objects: 100% (7/7), done.
Delta compression using up to 12 threads
Compressing objects: 100% (3/3), done.
Writing objects: 100% (4/4), 519 bytes | 519.00 KiB/s, done.
Total 4 (delta 0), reused 0 (delta 0), pack-reused 0
To https://github.com/mefitria30/wishlist-remote-2.git
   feec313..650670d  master -> master

M3FITRIA30@mefitria30-laptop MINGW64 /d/Download/Self Learning/git-learn-remote/wishlist-remote-2 (master)
$ graph
*   650670d (HEAD -> master, origin/master) menambahkan file css
|\
| * feec313 Create style.css
* | 3749bd8 menambahkan file css
|/
* 20b9551 menambahkan paragraf baru
* 564f663 menambahkan paragraf
* 9f78441 menambahkan file index.php

M3FITRIA30@mefitria30-laptop MINGW64 /d/Download/Self Learning/git-learn-remote/wishlist-remote-2 (master)
$


